
Attaching package: ‘dplyr’

The following objects are masked from ‘package:stats’:

    filter, lag

The following objects are masked from ‘package:base’:

    intersect, setdiff, setequal, union

Loading required package: parallel

DEoptim package
Differential Evolution algorithm in R
Authors: D. Ardia, K. Mullen, B. Peterson and J. Ulrich

Loading required package: miscTools

Please cite the 'maxLik' package as:
Henningsen, Arne and Toomet, Ott (2011). maxLik: A package for maximum likelihood estimation in R. Computational Statistics 26(3), 443-458. DOI 10.1007/s00180-010-0217-1.

If you have questions, suggestions, or comments regarding the 'maxLik' package, please use a forum or 'tracker' at maxLik's R-Forge site:
https://r-forge.r-project.org/projects/maxlik/

Attaching package: ‘maxLik’

The following object is masked from ‘package:numDeriv’:

    hessian


Attaching package: ‘scales’

The following object is masked from ‘package:purrr’:

    discard

The following object is masked from ‘package:readr’:

    col_factor

Loading required package: Matrix

Attaching package: ‘Matrix’

The following objects are masked from ‘package:tidyr’:

    expand, pack, unpack

Loading required package: car
Loading required package: carData

Attaching package: ‘car’

The following object is masked from ‘package:purrr’:

    some

The following object is masked from ‘package:dplyr’:

    recode

Loading required package: lmtest
Loading required package: zoo

Attaching package: ‘zoo’

The following objects are masked from ‘package:base’:

    as.Date, as.Date.numeric


Please cite the 'systemfit' package as:
Arne Henningsen and Jeff D. Hamann (2007). systemfit: A Package for Estimating Systems of Simultaneous Equations in R. Journal of Statistical Software 23(4), 1-40. http://www.jstatsoft.org/v23/i04/.

If you have questions, suggestions, or comments regarding the 'systemfit' package, please use a forum or 'tracker' at systemfit's R-Forge site:
https://r-forge.r-project.org/projects/systemfit/
Loading required package: sandwich
Loading required package: survival
Loading required package: dfidx

Attaching package: ‘dfidx’

The following object is masked from ‘package:stats’:

    filter


Attaching package: ‘Hmisc’

The following objects are masked from ‘package:dplyr’:

    src, summarize

The following objects are masked from ‘package:base’:

    format.pval, units

Loading required package: proto
Could not load tcltk.  Will use slower R code instead.
------------------------------------------------------------------------------
You have loaded plyr after dplyr - this is likely to cause problems.
If you need functions from both plyr and dplyr, please load plyr first, then dplyr:
library(plyr); library(dplyr)
------------------------------------------------------------------------------

Attaching package: ‘plyr’

The following objects are masked from ‘package:Hmisc’:

    is.discrete, summarize

The following objects are masked from ‘package:dfidx’:

    arrange, mutate

The following object is masked from ‘package:purrr’:

    compact

The following objects are masked from ‘package:dplyr’:

    arrange, count, desc, failwith, id, mutate, rename, summarise,
    summarize


Attaching package: ‘data.table’

The following objects are masked from ‘package:zoo’:

    yearmon, yearqtr

The following object is masked from ‘package:purrr’:

    transpose

The following objects are masked from ‘package:dplyr’:

    between, first, last


Attaching package: ‘magrittr’

The following object is masked from ‘package:purrr’:

    set_names

The following object is masked from ‘package:tidyr’:

    extract

====================================================
Ejecutando: 03A_joint_sin_correlacion_NM 
Inicio: 2026-06-10 18:36:20 
====================================================

Resumen:
--------------------------------------------
Maximum Likelihood estimation
Nelder-Mead maximization, 32719 iterations
Return code 0: successful convergence 
Log-Likelihood: -55281.94 
  free parameters
Estimates:
           Estimate Std. error t value  Pr(> t)    
PH         0.262045   0.007918  33.094  < 2e-16 ***
th1        0.799546   0.001061 753.538  < 2e-16 ***
tw         0.298995   0.017779  16.817  < 2e-16 ***
ASC2      -0.179930   0.098369  -1.829 0.067380 .  
ASC3      -3.191150   0.174340 -18.304  < 2e-16 ***
ASC4      -2.082054   0.167680 -12.417  < 2e-16 ***
ASC5       0.000985   0.091833   0.011 0.991442    
ASC6      -3.239496   0.266217 -12.169  < 2e-16 ***
ASC7      -1.123655   0.081410 -13.802  < 2e-16 ***
BAGE65_2   0.518689   0.114329   4.537 5.70e-06 ***
BAGE65_3   1.041958   0.209215   4.980 6.00e-07 ***
BAGE65_5   0.443923   0.091475   4.853 1.20e-06 ***
BCP_3      0.929983   0.235368   3.951 7.78e-05 ***
BCP_4     -3.912735   2.123670  -1.842 0.065411 .  
BED_2      1.018667   0.099079  10.281  < 2e-16 ***
BED_6     -2.146351   0.616212  -3.483 0.000496 ***
BESC_2    -0.153447   0.077936  -1.969 0.048966 *  
BESC_4    -0.374392   0.169066  -2.214 0.026796 *  
BESC_5    -0.264282   0.066816  -3.955 7.64e-05 ***
BFEM_2     0.929887   0.059819  15.545  < 2e-16 ***
BFEM_3     1.002655   0.168062   5.966  < 2e-16 ***
BFEM_4    -0.700687   0.158502  -4.421 9.80e-06 ***
BFEM_5     0.572787   0.050275  11.393  < 2e-16 ***
BFEM_6    -0.365720   0.136452  -2.680 0.007357 ** 
BFEM_7     0.786992   0.073446  10.715  < 2e-16 ***
BNTRAB_2   0.150073   0.030390   4.938 8.00e-07 ***
BPAREJA_2 -0.759705   0.058863 -12.906  < 2e-16 ***
BPAREJA_3 -0.669102   0.144892  -4.618 3.90e-06 ***
BPAREJA_4 -0.638883   0.146358  -4.365 1.27e-05 ***
BPAREJA_5 -0.653182   0.049753 -13.129  < 2e-16 ***
BPAREJA_6 -0.337214   0.128740  -2.619 0.008810 ** 
BPAREJA_7 -0.581879   0.069662  -8.353  < 2e-16 ***
BQ3_5     -0.248110   0.058725  -4.225 2.39e-05 ***
BQ4_2     -0.338801   0.072882  -4.649 3.30e-06 ***
BQ4_5     -0.428244   0.064238  -6.667  < 2e-16 ***
BQ5_2     -0.760064   0.092338  -8.231  < 2e-16 ***
BQ5_5     -0.733498   0.076715  -9.561  < 2e-16 ***
BTC_2     -1.102956   0.086966 -12.683  < 2e-16 ***
BTC_4     -2.083162   0.380275  -5.478  < 2e-16 ***
BTC_6     -1.247319   0.380320  -3.280 0.001039 ** 
BTC_7     -0.974333   0.112614  -8.652  < 2e-16 ***
BTD_2     -0.842998   0.065996 -12.773  < 2e-16 ***
BTD_4     -0.980837   0.178817  -5.485  < 2e-16 ***
BTD_5      1.047700   0.047478  22.067  < 2e-16 ***
BTD_6     -3.404748   0.571727  -5.955  < 2e-16 ***
BTEC_2    -0.504892   0.081373  -6.205  < 2e-16 ***
BTEC_5    -0.585841   0.069712  -8.404  < 2e-16 ***
BTEC_7    -0.231050   0.079781  -2.896 0.003779 ** 
BTMOD_5   -0.045772   0.013637  -3.356 0.000789 ***
BTMOD_6    0.501305   0.043450  11.538  < 2e-16 ***
BUNI_2    -1.026269   0.092147 -11.137  < 2e-16 ***
BUNI_3    -0.937372   0.192165  -4.878 1.10e-06 ***
BUNI_4    -1.463743   0.219450  -6.670  < 2e-16 ***
BUNI_5    -1.099633   0.078144 -14.072  < 2e-16 ***
BUNI_6    -0.939133   0.156955  -5.983  < 2e-16 ***
BUNI_7    -0.806642   0.087170  -9.254  < 2e-16 ***
BZCEN_4    0.941741   0.152882   6.160  < 2e-16 ***
BZCEN_5    0.250749   0.052793   4.750 2.00e-06 ***
BZCEN_6   -0.568112   0.139226  -4.081 4.49e-05 ***
BZSUR_2   -0.536295   0.067708  -7.921  < 2e-16 ***
BZSUR_3   -0.634564   0.188714  -3.363 0.000772 ***
BZSUR_5   -0.366953   0.068382  -5.366 1.00e-07 ***
BZSUR_6   -0.634108   0.167719  -3.781 0.000156 ***
BZSUR_7   -0.319479   0.081215  -3.934 8.36e-05 ***
---
Signif. codes:  0 ‘***’ 0.001 ‘**’ 0.01 ‘*’ 0.05 ‘.’ 0.1 ‘ ’ 1
--------------------------------------------

Fin: 2026-06-13 03:50:11 
Duracion minutos: 3433.85 
Warning messages:
1: In sqrt((((par[1]) + (par[3])) * (ta - Tc + 2) + (1 + (par[3])) *  :
  NaNs produced
2: In sqrt((((par[1]) + (par[3])) * (ta - Tc + 2) + (1 + (par[3])) *  :
  NaNs produced
3: In sqrt((((par[1]) + (par[3])) * (ta - Tc + 2) + (1 + (par[3])) *  :
  NaNs produced
4: In sqrt((((par[1]) + (par[3])) * (ta - Tc + 2) + (1 + (par[3])) *  :
  NaNs produced
5: In sqrt((((par[1]) + (par[3])) * (ta - Tc + 2) + (1 + (par[3])) *  :
  NaNs produced
6: In sqrt((((par[1]) + (par[3])) * (ta - Tc + 2) + (1 + (par[3])) *  :
  NaNs produced
7: In sqrt((((par[1]) + (par[3])) * (ta - Tc + 2) + (1 + (par[3])) *  :
  NaNs produced
8: In sqrt(.expr24) : NaNs produced
====================================================
Ejecutando: 04A_joint_con_correlacion_DEoptim 
Inicio: 2026-06-13 03:50:13 
====================================================
[1] "DEoptim is used for optimization. This may take a while."
[1] "Algorithm NA produced an error. Trying out next algorithm."
/var/spool/slurmd/job8288790/slurm_script: line 20: 654067 Killed                  Rscript v1_joint_mnl_mtuem.R
slurmstepd: error: Detected 1 oom_kill event in StepId=8288790.batch. Some of the step tasks have been OOM Killed.
