====================================================
Ejecutando: 04A_joint_con_correlacion_NM_directo_desde_paso3 
Inicio: 2026-06-18 14:21:10 
====================================================
====================================================
Ejecutando: 04A_objeto_base_joint_con_correlacion_sin_estimar 
Inicio: 2026-06-18 14:21:10 
====================================================
====================================================
Ejecutando: 04A_joint_con_correlacion_BFGS_corto_desde_paso3 
Inicio: 2026-06-18 14:21:10 
====================================================
====================================================
Ejecutando: 04A_joint_con_correlacion_DEoptim_inicial_desde_paso3 
Inicio: 2026-06-18 14:21:10 
====================================================
====================================================
Ejecutando: 04A_sub_NM_desde_p3 
Inicio: 2026-06-18 14:21:10 
Carpeta log: /home/preyes/mt-ignacio-navarrete/prueba/v5_p4_sub_full/03_p4_corr/00_chk/02_sub 
Archivo RDS: prueba/v5_p4_sub_full/03_p4_corr/00_chk/02_sub/04A_sub_nm.rds 
====================================================
====================================================
Ejecutando: 04A_red_NM_desde_p3 
Inicio: 2026-06-18 14:21:10 
Carpeta log: /home/preyes/mt-ignacio-navarrete/prueba/v6_p4_red_full/03_p4_corr/00_chk/02_red 
Archivo RDS: prueba/v6_p4_red_full/03_p4_corr/00_chk/02_red/04A_red_nm.rds 
====================================================
[1] "Algorithm NM produced an error. Trying out next algorithm."
[1] "Algorithm BFGS produced an error. Trying out next algorithm."
[1] "Algorithm NR produced an error. Trying out next algorithm."
[1] "Algorithm CG produced an error. Trying out next algorithm."
[1] "Algorithm SANN produced an error. Trying out next algorithm."

ERROR:
$ operator is invalid for atomic vectors 

Fin: 2026-06-18 14:47:26 
Duracion minutos: 26.26 
====================================================
Ejecutando: 04B_full_NM_post_red 
Inicio: 2026-06-18 14:47:26 
Carpeta log: /home/preyes/mt-ignacio-navarrete/prueba/v6_p4_red_full/03_p4_corr/00_chk/03_full_nm 
Archivo RDS: prueba/v6_p4_red_full/03_p4_corr/00_chk/03_full_nm/04B_full_nm.rds 
====================================================
[1] "DEoptim is used for optimization. This may take a while."
[1] "Algorithm NA produced an error. Trying out next algorithm."

Resumen:

WARNING:
NaNs produced 

WARNING:
NaNs produced 

Resumen:
--------------------------------------------
Maximum Likelihood estimation
BFGS maximization, 11 iterations
Return code 0: successful convergence 
Log-Likelihood: -55326.79 
  free parameters
Estimates:
           Estimate Std. error t value  Pr(> t)    
PH         0.291456   0.009245  31.526  < 2e-16 ***
th1        0.799930   0.001054 758.915  < 2e-16 ***
tw         0.259597   0.020198  12.853  < 2e-16 ***
ASC2      -0.093501   0.110023  -0.850 0.395418    
ASC3      -3.097307   0.167689 -18.470  < 2e-16 ***
ASC4      -2.165234   0.205365 -10.543  < 2e-16 ***
ASC5      -0.048644   0.094662  -0.514 0.607346    
ASC6      -2.914648   0.343360  -8.489  < 2e-16 ***
ASC7      -1.063308   0.082155 -12.943  < 2e-16 ***
BAGE65_2   0.504422   0.131108   3.847 0.000119 ***
BAGE65_3   1.064974   0.086513  12.310  < 2e-16 ***
BAGE65_5   0.447896   0.095426   4.694 2.70e-06 ***
BCP_3      1.003745   0.248454   4.040 5.35e-05 ***
BCP_4     -2.336316   0.598265  -3.905 9.42e-05 ***
BED_2      0.903744   0.101542   8.900  < 2e-16 ***
BED_6     -1.668376   0.532027  -3.136 0.001713 ** 
BESC_2    -0.208958   0.088977  -2.348 0.018851 *  
BESC_4    -0.354416   0.196159  -1.807 0.070797 .  
BESC_5    -0.275153   0.072597  -3.790 0.000151 ***
BFEM_2     0.921698   0.060133  15.328  < 2e-16 ***
BFEM_3     0.908007   0.175812   5.165 2.00e-07 ***
BFEM_4    -0.683384   0.194633  -3.511 0.000446 ***
BFEM_5     0.458168   0.051970   8.816  < 2e-16 ***
BFEM_6    -0.471016   0.151894  -3.101 0.001929 ** 
BFEM_7     0.780389   0.076206  10.241  < 2e-16 ***
BNTRAB_2   0.155135   0.031091   4.990 6.00e-07 ***
BPAREJA_2 -0.773425   0.060949 -12.690  < 2e-16 ***
BPAREJA_3 -0.695570   0.165967  -4.191 2.78e-05 ***
BPAREJA_4 -0.614503   0.155869  -3.942 8.07e-05 ***
BPAREJA_5 -0.676978   0.052352 -12.931  < 2e-16 ***
BPAREJA_6 -0.347670   0.138520  -2.510 0.012077 *  
BPAREJA_7 -0.583069   0.071078  -8.203  < 2e-16 ***
BQ3_5     -0.105969   0.059172  -1.791 0.073316 .  
BQ4_2     -0.294145   0.074529  -3.947 7.92e-05 ***
BQ4_5     -0.268394   0.065449  -4.101 4.12e-05 ***
BQ5_2     -0.690233   0.098710  -6.993  < 2e-16 ***
BQ5_5     -0.499618   0.078022  -6.404  < 2e-16 ***
BTC_2     -1.171221   0.095113 -12.314  < 2e-16 ***
BTC_4     -2.136606   0.227651  -9.385  < 2e-16 ***
BTC_6     -1.190822   0.313391  -3.800 0.000145 ***
BTC_7     -1.035785   0.123417  -8.393  < 2e-16 ***
BTD_2     -0.904583   0.068440 -13.217  < 2e-16 ***
BTD_4     -0.999617   0.185903  -5.377 1.00e-07 ***
BTD_5      0.974294   0.048889  19.929  < 2e-16 ***
BTD_6     -3.117449   0.191453 -16.283  < 2e-16 ***
BTEC_2    -0.575579   0.093161  -6.178  < 2e-16 ***
BTEC_5    -0.602827   0.077900  -7.738  < 2e-16 ***
BTEC_7    -0.284609   0.081937  -3.474 0.000514 ***
BTMOD_5   -0.022098   0.014210  -1.555 0.119928    
BTMOD_6    0.446299   0.057059   7.822  < 2e-16 ***
BUNI_2    -1.063180   0.106287 -10.003  < 2e-16 ***
BUNI_3    -0.936215   0.245319  -3.816 0.000135 ***
BUNI_4    -1.358034   0.221153  -6.141  < 2e-16 ***
BUNI_5    -0.995024   0.085054 -11.699  < 2e-16 ***
BUNI_6    -0.900459   0.171805  -5.241 2.00e-07 ***
BUNI_7    -0.817613   0.091142  -8.971  < 2e-16 ***
BZCEN_4    0.983896   0.164849   5.968  < 2e-16 ***
BZCEN_5    0.197577   0.053430   3.698 0.000217 ***
BZCEN_6   -0.631766   0.147243  -4.291 1.78e-05 ***
BZSUR_2   -0.630603   0.070675  -8.923  < 2e-16 ***
BZSUR_3   -0.726196   0.207452  -3.501 0.000464 ***
BZSUR_5   -0.486685   0.069823  -6.970  < 2e-16 ***
BZSUR_6   -0.776605   0.126181  -6.155  < 2e-16 ***
BZSUR_7   -0.381844   0.083909  -4.551 5.30e-06 ***
---
Signif. codes:  0 ‘***’ 0.001 ‘**’ 0.01 ‘*’ 0.05 ‘.’ 0.1 ‘ ’ 1
--------------------------------------------

Fin: 2026-06-18 15:27:06 
Duracion minutos: 65.94 
====================================================
Ejecutando: 04B_joint_con_correlacion_NM_largo_post_BFGS 
Inicio: 2026-06-18 15:27:08 
====================================================
