
Attaching package: ‘dplyr’


Attaching package: ‘dplyr’


Attaching package: ‘dplyr’

The following objects are masked from ‘package:stats’:
The following objects are masked from ‘package:stats’:
The following objects are masked from ‘package:stats’:



    filter, lag
    filter, lag
    filter, lag



The following objects are masked from ‘package:base’:
The following objects are masked from ‘package:base’:
The following objects are masked from ‘package:base’:



    intersect, setdiff, setequal, union
    intersect, setdiff, setequal, union
    intersect, setdiff, setequal, union





Attaching package: ‘dplyr’

Attaching package: ‘dplyr’

Attaching package: ‘dplyr’


The following objects are masked from ‘package:stats’:
The following objects are masked from ‘package:stats’:
The following objects are masked from ‘package:stats’:



    filter, lag
    filter, lag
    filter, lag



The following objects are masked from ‘package:base’:
The following objects are masked from ‘package:base’:

The following objects are masked from ‘package:base’:

    intersect, setdiff, setequal, union

    intersect, setdiff, setequal, union

    intersect, setdiff, setequal, union


Loading required package: parallel
Loading required package: parallel
Loading required package: parallel
Loading required package: parallel
Loading required package: parallel
Loading required package: parallel


DEoptim package
DEoptim package
Differential Evolution algorithm in R
Differential Evolution algorithm in R
Authors: D. Ardia, K. Mullen, B. Peterson and J. Ulrich
Authors: D. Ardia, K. Mullen, B. Peterson and J. Ulrich



DEoptim package
Differential Evolution algorithm in R
Authors: D. Ardia, K. Mullen, B. Peterson and J. Ulrich

Loading required package: miscTools
Loading required package: miscTools
Loading required package: miscTools

DEoptim package
Differential Evolution algorithm in R
Authors: D. Ardia, K. Mullen, B. Peterson and J. Ulrich


DEoptim package
Differential Evolution algorithm in R
Authors: D. Ardia, K. Mullen, B. Peterson and J. Ulrich


DEoptim package
Differential Evolution algorithm in R
Authors: D. Ardia, K. Mullen, B. Peterson and J. Ulrich


Please cite the 'maxLik' package as:
Henningsen, Arne and Toomet, Ott (2011). maxLik: A package for maximum likelihood estimation in R. Computational Statistics 26(3), 443-458. DOI 10.1007/s00180-010-0217-1.

If you have questions, suggestions, or comments regarding the 'maxLik' package, please use a forum or 'tracker' at maxLik's R-Forge site:

https://r-forge.r-project.org/projects/maxlik/
Please cite the 'maxLik' package as:
Henningsen, Arne and Toomet, Ott (2011). maxLik: A package for maximum likelihood estimation in R. Computational Statistics 26(3), 443-458. DOI 10.1007/s00180-010-0217-1.

If you have questions, suggestions, or comments regarding the 'maxLik' package, please use a forum or 'tracker' at maxLik's R-Forge site:
https://r-forge.r-project.org/projects/maxlik/

Please cite the 'maxLik' package as:
Henningsen, Arne and Toomet, Ott (2011). maxLik: A package for maximum likelihood estimation in R. Computational Statistics 26(3), 443-458. DOI 10.1007/s00180-010-0217-1.

If you have questions, suggestions, or comments regarding the 'maxLik' package, please use a forum or 'tracker' at maxLik's R-Forge site:
https://r-forge.r-project.org/projects/maxlik/

Attaching package: ‘maxLik’


Attaching package: ‘maxLik’


Attaching package: ‘maxLik’

The following object is masked from ‘package:numDeriv’:

    hessian

The following object is masked from ‘package:numDeriv’:

    hessian

The following object is masked from ‘package:numDeriv’:

    hessian

Loading required package: miscTools
Loading required package: miscTools
Loading required package: miscTools


Attaching package: ‘scales’
Attaching package: ‘scales’



Attaching package: ‘scales’

The following object is masked from ‘package:purrr’:
The following object is masked from ‘package:purrr’:
The following object is masked from ‘package:purrr’:



    discard
    discard
    discard



The following object is masked from ‘package:readr’:
The following object is masked from ‘package:readr’:

The following object is masked from ‘package:readr’:

    col_factor

    col_factor

    col_factor

Loading required package: Matrix

Loading required package: Matrix
Loading required package: Matrix

Please cite the 'maxLik' package as:
Henningsen, Arne and Toomet, Ott (2011). maxLik: A package for maximum likelihood estimation in R. Computational Statistics 26(3), 443-458. DOI 10.1007/s00180-010-0217-1.

If you have questions, suggestions, or comments regarding the 'maxLik' package, please use a forum or 'tracker' at maxLik's R-Forge site:
https://r-forge.r-project.org/projects/maxlik/

Please cite the 'maxLik' package as:
Henningsen, Arne and Toomet, Ott (2011). maxLik: A package for maximum likelihood estimation in R. Computational Statistics 26(3), 443-458. DOI 10.1007/s00180-010-0217-1.

If you have questions, suggestions, or comments regarding the 'maxLik' package, please use a forum or 'tracker' at maxLik's R-Forge site:
https://r-forge.r-project.org/projects/maxlik/

Attaching package: ‘maxLik’



Attaching package: ‘Matrix’
Attaching package: ‘Matrix’


The following object is masked from ‘package:numDeriv’:

    hessian


Attaching package: ‘Matrix’

The following objects are masked from ‘package:tidyr’:
The following objects are masked from ‘package:tidyr’:


    expand, pack, unpack
    expand, pack, unpack



Please cite the 'maxLik' package as:
Henningsen, Arne and Toomet, Ott (2011). maxLik: A package for maximum likelihood estimation in R. Computational Statistics 26(3), 443-458. DOI 10.1007/s00180-010-0217-1.

If you have questions, suggestions, or comments regarding the 'maxLik' package, please use a forum or 'tracker' at maxLik's R-Forge site:
https://r-forge.r-project.org/projects/maxlik/
The following objects are masked from ‘package:tidyr’:

    expand, pack, unpack


Attaching package: ‘maxLik’

Loading required package: car
Loading required package: car
The following object is masked from ‘package:numDeriv’:

    hessian

Loading required package: car
Loading required package: carData
Loading required package: carData
Loading required package: carData

Attaching package: ‘maxLik’

The following object is masked from ‘package:numDeriv’:

    hessian


Attaching package: ‘scales’

The following object is masked from ‘package:purrr’:

    discard

The following object is masked from ‘package:readr’:

    col_factor


Attaching package: ‘scales’

The following object is masked from ‘package:purrr’:

    discard

Loading required package: Matrix
The following object is masked from ‘package:readr’:

    col_factor


Attaching package: ‘car’


Attaching package: ‘car’

The following object is masked from ‘package:purrr’:

    some


Attaching package: ‘scales’

Loading required package: Matrix
The following object is masked from ‘package:purrr’:

    some


Attaching package: ‘car’

The following object is masked from ‘package:dplyr’:

    recode

The following object is masked from ‘package:purrr’:

    discard

The following object is masked from ‘package:dplyr’:

    recode

The following object is masked from ‘package:purrr’:

    some

The following object is masked from ‘package:readr’:

    col_factor

The following object is masked from ‘package:dplyr’:

    recode

Loading required package: lmtest
Loading required package: lmtest
Loading required package: lmtest
Loading required package: Matrix
Loading required package: zoo
Loading required package: zoo
Loading required package: zoo

Attaching package: ‘Matrix’

The following objects are masked from ‘package:tidyr’:

    expand, pack, unpack

Loading required package: car

Attaching package: ‘zoo’


Attaching package: ‘zoo’

The following objects are masked from ‘package:base’:

    as.Date, as.Date.numeric

The following objects are masked from ‘package:base’:

    as.Date, as.Date.numeric


Attaching package: ‘Matrix’

The following objects are masked from ‘package:tidyr’:

    expand, pack, unpack


Attaching package: ‘zoo’

The following objects are masked from ‘package:base’:

    as.Date, as.Date.numeric

Loading required package: carData
Loading required package: car

Attaching package: ‘Matrix’

The following objects are masked from ‘package:tidyr’:

    expand, pack, unpack

Loading required package: carData
Loading required package: car
Loading required package: carData


Please cite the 'systemfit' package as:
Please cite the 'systemfit' package as:
Arne Henningsen and Jeff D. Hamann (2007). systemfit: A Package for Estimating Systems of Simultaneous Equations in R. Journal of Statistical Software 23(4), 1-40. http://www.jstatsoft.org/v23/i04/.
Arne Henningsen and Jeff D. Hamann (2007). systemfit: A Package for Estimating Systems of Simultaneous Equations in R. Journal of Statistical Software 23(4), 1-40. http://www.jstatsoft.org/v23/i04/.


If you have questions, suggestions, or comments regarding the 'systemfit' package, please use a forum or 'tracker' at systemfit's R-Forge site:
If you have questions, suggestions, or comments regarding the 'systemfit' package, please use a forum or 'tracker' at systemfit's R-Forge site:
https://r-forge.r-project.org/projects/systemfit/
https://r-forge.r-project.org/projects/systemfit/

Please cite the 'systemfit' package as:
Arne Henningsen and Jeff D. Hamann (2007). systemfit: A Package for Estimating Systems of Simultaneous Equations in R. Journal of Statistical Software 23(4), 1-40. http://www.jstatsoft.org/v23/i04/.

If you have questions, suggestions, or comments regarding the 'systemfit' package, please use a forum or 'tracker' at systemfit's R-Forge site:
https://r-forge.r-project.org/projects/systemfit/
Loading required package: sandwich
Loading required package: sandwich
Loading required package: sandwich

Attaching package: ‘car’

The following object is masked from ‘package:purrr’:

    some

The following object is masked from ‘package:dplyr’:

    recode

Loading required package: lmtest
Loading required package: survival
Loading required package: survival
Loading required package: survival

Attaching package: ‘car’

The following object is masked from ‘package:purrr’:

    some

The following object is masked from ‘package:dplyr’:

    recode

Loading required package: zoo
Loading required package: lmtest

Attaching package: ‘car’

The following object is masked from ‘package:purrr’:

    some

The following object is masked from ‘package:dplyr’:

    recode

Loading required package: zoo
Loading required package: lmtest
Loading required package: zoo

Attaching package: ‘zoo’

The following objects are masked from ‘package:base’:

    as.Date, as.Date.numeric

Loading required package: dfidx
Loading required package: dfidx
Loading required package: dfidx

Attaching package: ‘zoo’

The following objects are masked from ‘package:base’:

    as.Date, as.Date.numeric


Attaching package: ‘zoo’

The following objects are masked from ‘package:base’:

    as.Date, as.Date.numeric


Attaching package: ‘dfidx’


Attaching package: ‘dfidx’

The following object is masked from ‘package:stats’:

    filter


Attaching package: ‘dfidx’

The following object is masked from ‘package:stats’:

    filter

The following object is masked from ‘package:stats’:

    filter


Please cite the 'systemfit' package as:
Arne Henningsen and Jeff D. Hamann (2007). systemfit: A Package for Estimating Systems of Simultaneous Equations in R. Journal of Statistical Software 23(4), 1-40. http://www.jstatsoft.org/v23/i04/.

If you have questions, suggestions, or comments regarding the 'systemfit' package, please use a forum or 'tracker' at systemfit's R-Forge site:
https://r-forge.r-project.org/projects/systemfit/

Please cite the 'systemfit' package as:
Arne Henningsen and Jeff D. Hamann (2007). systemfit: A Package for Estimating Systems of Simultaneous Equations in R. Journal of Statistical Software 23(4), 1-40. http://www.jstatsoft.org/v23/i04/.

If you have questions, suggestions, or comments regarding the 'systemfit' package, please use a forum or 'tracker' at systemfit's R-Forge site:
https://r-forge.r-project.org/projects/systemfit/

Please cite the 'systemfit' package as:
Arne Henningsen and Jeff D. Hamann (2007). systemfit: A Package for Estimating Systems of Simultaneous Equations in R. Journal of Statistical Software 23(4), 1-40. http://www.jstatsoft.org/v23/i04/.

If you have questions, suggestions, or comments regarding the 'systemfit' package, please use a forum or 'tracker' at systemfit's R-Forge site:
https://r-forge.r-project.org/projects/systemfit/
Loading required package: sandwich

Attaching package: ‘Hmisc’


Attaching package: ‘Hmisc’

The following objects are masked from ‘package:dplyr’:

    src, summarize

The following objects are masked from ‘package:base’:

    format.pval, units

The following objects are masked from ‘package:dplyr’:

    src, summarize

The following objects are masked from ‘package:base’:

    format.pval, units

Loading required package: sandwich
Loading required package: proto
Loading required package: proto

Attaching package: ‘Hmisc’

The following objects are masked from ‘package:dplyr’:

    src, summarize

The following objects are masked from ‘package:base’:

    format.pval, units

Loading required package: sandwich
Loading required package: proto
Loading required package: survival
Could not load tcltk.  Will use slower R code instead.
Could not load tcltk.  Will use slower R code instead.
Loading required package: survival
Loading required package: survival
Could not load tcltk.  Will use slower R code instead.
Loading required package: dfidx
------------------------------------------------------------------------------
You have loaded plyr after dplyr - this is likely to cause problems.
If you need functions from both plyr and dplyr, please load plyr first, then dplyr:
library(plyr); library(dplyr)
------------------------------------------------------------------------------
------------------------------------------------------------------------------
You have loaded plyr after dplyr - this is likely to cause problems.
If you need functions from both plyr and dplyr, please load plyr first, then dplyr:
library(plyr); library(dplyr)
------------------------------------------------------------------------------
Loading required package: dfidx
Loading required package: dfidx
------------------------------------------------------------------------------
You have loaded plyr after dplyr - this is likely to cause problems.
If you need functions from both plyr and dplyr, please load plyr first, then dplyr:
library(plyr); library(dplyr)
------------------------------------------------------------------------------

Attaching package: ‘plyr’

The following objects are masked from ‘package:Hmisc’:

    is.discrete, summarize


Attaching package: ‘dfidx’


The following objects are masked from ‘package:dfidx’:
Attaching package: ‘plyr’


    arrange, mutate

The following object is masked from ‘package:stats’:

    filter

The following object is masked from ‘package:purrr’:

The following objects are masked from ‘package:Hmisc’:
    compact


    is.discrete, summarize

The following objects are masked from ‘package:dfidx’:
The following objects are masked from ‘package:dplyr’:


    arrange, mutate
    arrange, count, desc, failwith, id, mutate, rename, summarise,

    summarize

The following object is masked from ‘package:purrr’:

    compact

The following objects are masked from ‘package:dplyr’:

    arrange, count, desc, failwith, id, mutate, rename, summarise,
    summarize


Attaching package: ‘plyr’

The following objects are masked from ‘package:Hmisc’:

    is.discrete, summarize

The following objects are masked from ‘package:dfidx’:

    arrange, mutate

The following object is masked from ‘package:purrr’:

    compact

The following objects are masked from ‘package:dplyr’:

    arrange, count, desc, failwith, id, mutate, rename, summarise,
    summarize


Attaching package: ‘dfidx’

The following object is masked from ‘package:stats’:

    filter


Attaching package: ‘dfidx’

The following object is masked from ‘package:stats’:

    filter


Attaching package: ‘data.table’

The following objects are masked from ‘package:zoo’:

    yearmon, yearqtr


Attaching package: ‘data.table’

The following object is masked from ‘package:purrr’:

    transpose

The following objects are masked from ‘package:zoo’:

    yearmon, yearqtr

The following objects are masked from ‘package:dplyr’:

    between, first, last

The following object is masked from ‘package:purrr’:

    transpose

The following objects are masked from ‘package:dplyr’:

    between, first, last


Attaching package: ‘data.table’

The following objects are masked from ‘package:zoo’:

    yearmon, yearqtr

The following object is masked from ‘package:purrr’:

    transpose

The following objects are masked from ‘package:dplyr’:

    between, first, last


Attaching package: ‘magrittr’


Attaching package: ‘magrittr’

The following object is masked from ‘package:purrr’:

    set_names

The following object is masked from ‘package:purrr’:

    set_names

The following object is masked from ‘package:tidyr’:


Attaching package: ‘Hmisc’
    extract


The following object is masked from ‘package:tidyr’:

    extract

The following objects are masked from ‘package:dplyr’:

    src, summarize

The following objects are masked from ‘package:base’:

    format.pval, units


Attaching package: ‘magrittr’

The following object is masked from ‘package:purrr’:

    set_names

The following object is masked from ‘package:tidyr’:

    extract

Loading required package: proto

Attaching package: ‘Hmisc’

The following objects are masked from ‘package:dplyr’:

    src, summarize

The following objects are masked from ‘package:base’:

    format.pval, units


Attaching package: ‘Hmisc’

The following objects are masked from ‘package:dplyr’:

    src, summarize

The following objects are masked from ‘package:base’:

    format.pval, units

Loading required package: proto
Loading required package: proto
Could not load tcltk.  Will use slower R code instead.
Could not load tcltk.  Will use slower R code instead.
Could not load tcltk.  Will use slower R code instead.
------------------------------------------------------------------------------
You have loaded plyr after dplyr - this is likely to cause problems.
If you need functions from both plyr and dplyr, please load plyr first, then dplyr:
library(plyr); library(dplyr)
------------------------------------------------------------------------------

Attaching package: ‘plyr’

The following objects are masked from ‘package:Hmisc’:

    is.discrete, summarize

The following objects are masked from ‘package:dfidx’:

    arrange, mutate

The following object is masked from ‘package:purrr’:

    compact

------------------------------------------------------------------------------
You have loaded plyr after dplyr - this is likely to cause problems.
If you need functions from both plyr and dplyr, please load plyr first, then dplyr:
library(plyr); library(dplyr)
The following objects are masked from ‘package:dplyr’:

    arrange, count, desc, failwith, id, mutate, rename, summarise,
    summarize

------------------------------------------------------------------------------
------------------------------------------------------------------------------
You have loaded plyr after dplyr - this is likely to cause problems.
If you need functions from both plyr and dplyr, please load plyr first, then dplyr:
library(plyr); library(dplyr)
------------------------------------------------------------------------------

Attaching package: ‘plyr’


Attaching package: ‘plyr’

The following objects are masked from ‘package:Hmisc’:

    is.discrete, summarize

The following objects are masked from ‘package:dfidx’:
The following objects are masked from ‘package:Hmisc’:


    arrange, mutate
    is.discrete, summarize


The following object is masked from ‘package:purrr’:
The following objects are masked from ‘package:dfidx’:


    compact
    arrange, mutate


The following object is masked from ‘package:purrr’:

    compact

The following objects are masked from ‘package:dplyr’:

    arrange, count, desc, failwith, id, mutate, rename, summarise,
    summarize

The following objects are masked from ‘package:dplyr’:

    arrange, count, desc, failwith, id, mutate, rename, summarise,
    summarize


Attaching package: ‘data.table’

The following objects are masked from ‘package:zoo’:

    yearmon, yearqtr

The following object is masked from ‘package:purrr’:

    transpose

The following objects are masked from ‘package:dplyr’:

    between, first, last


Attaching package: ‘data.table’


Attaching package: ‘data.table’

The following objects are masked from ‘package:zoo’:

    yearmon, yearqtr

The following object is masked from ‘package:purrr’:

    transpose

The following objects are masked from ‘package:zoo’:

    yearmon, yearqtr

The following objects are masked from ‘package:dplyr’:

    between, first, last

The following object is masked from ‘package:purrr’:

    transpose

The following objects are masked from ‘package:dplyr’:

    between, first, last


Attaching package: ‘magrittr’

The following object is masked from ‘package:purrr’:

    set_names

The following object is masked from ‘package:tidyr’:

    extract


Attaching package: ‘magrittr’


The following object is masked from ‘package:purrr’:
Attaching package: ‘magrittr’


    set_names

The following object is masked from ‘package:tidyr’:

    extract

The following object is masked from ‘package:purrr’:

    set_names

The following object is masked from ‘package:tidyr’:

    extract

srun: Job step aborted: Waiting up to 32 seconds for job step to finish.
srun: Job step aborted: Waiting up to 32 seconds for job step to finish.
srun: Job step aborted: Waiting up to 32 seconds for job step to finish.
srun: Job step aborted: Waiting up to 32 seconds for job step to finish.
srun: Job step aborted: Waiting up to 32 seconds for job step to finish.
srun: Job step aborted: Waiting up to 32 seconds for job step to finish.
slurmstepd: error: *** STEP 8528346.0 ON sn032 CANCELLED AT 2026-06-18T14:19:04 ***
slurmstepd: error: *** JOB 8528346 ON sn032 CANCELLED AT 2026-06-18T14:19:04 ***
slurmstepd: error: *** STEP 8528346.3 ON sn032 CANCELLED AT 2026-06-18T14:19:04 ***
srun: error: sn032: task 0: Terminated
srun: Terminating StepId=8528346.0
