
Attaching package: ‘dplyr’


Attaching package: ‘dplyr’


Attaching package: ‘dplyr’


Attaching package: ‘dplyr’


Attaching package: ‘dplyr’

The following objects are masked from ‘package:stats’:
The following objects are masked from ‘package:stats’:
The following objects are masked from ‘package:stats’:



The following objects are masked from ‘package:stats’:
    filter, lag
    filter, lag
    filter, lag




    filter, lag

The following objects are masked from ‘package:stats’:

    filter, lag

The following objects are masked from ‘package:base’:
The following objects are masked from ‘package:base’:
The following objects are masked from ‘package:base’:

The following objects are masked from ‘package:base’:


    intersect, setdiff, setequal, union

    intersect, setdiff, setequal, union
    intersect, setdiff, setequal, union

    intersect, setdiff, setequal, union



The following objects are masked from ‘package:base’:

    intersect, setdiff, setequal, union


Attaching package: ‘dplyr’

The following objects are masked from ‘package:stats’:

    filter, lag

The following objects are masked from ‘package:base’:

    intersect, setdiff, setequal, union

Loading required package: parallel
Loading required package: parallel
Loading required package: parallel
Loading required package: parallel
Loading required package: parallel





DEoptim package
DEoptim package
DEoptim package
DEoptim package
DEoptim package
Differential Evolution algorithm in R
Differential Evolution algorithm in R
Differential Evolution algorithm in R
Differential Evolution algorithm in R
Differential Evolution algorithm in R
Authors: D. Ardia, K. Mullen, B. Peterson and J. Ulrich
Authors: D. Ardia, K. Mullen, B. Peterson and J. Ulrich
Authors: D. Ardia, K. Mullen, B. Peterson and J. Ulrich
Authors: D. Ardia, K. Mullen, B. Peterson and J. Ulrich
Authors: D. Ardia, K. Mullen, B. Peterson and J. Ulrich





Loading required package: miscTools
Loading required package: miscTools
Loading required package: miscTools
Loading required package: miscTools
Loading required package: miscTools
Loading required package: parallel

Please cite the 'maxLik' package as:
Henningsen, Arne and Toomet, Ott (2011). maxLik: A package for maximum likelihood estimation in R. Computational Statistics 26(3), 443-458. DOI 10.1007/s00180-010-0217-1.


If you have questions, suggestions, or comments regarding the 'maxLik' package, please use a forum or 'tracker' at maxLik's R-Forge site:
Please cite the 'maxLik' package as:
https://r-forge.r-project.org/projects/maxlik/
Henningsen, Arne and Toomet, Ott (2011). maxLik: A package for maximum likelihood estimation in R. Computational Statistics 26(3), 443-458. DOI 10.1007/s00180-010-0217-1.

If you have questions, suggestions, or comments regarding the 'maxLik' package, please use a forum or 'tracker' at maxLik's R-Forge site:
https://r-forge.r-project.org/projects/maxlik/

Please cite the 'maxLik' package as:

Henningsen, Arne and Toomet, Ott (2011). maxLik: A package for maximum likelihood estimation in R. Computational Statistics 26(3), 443-458. DOI 10.1007/s00180-010-0217-1.
Please cite the 'maxLik' package as:

Henningsen, Arne and Toomet, Ott (2011). maxLik: A package for maximum likelihood estimation in R. Computational Statistics 26(3), 443-458. DOI 10.1007/s00180-010-0217-1.
If you have questions, suggestions, or comments regarding the 'maxLik' package, please use a forum or 'tracker' at maxLik's R-Forge site:

https://r-forge.r-project.org/projects/maxlik/
If you have questions, suggestions, or comments regarding the 'maxLik' package, please use a forum or 'tracker' at maxLik's R-Forge site:
https://r-forge.r-project.org/projects/maxlik/

Please cite the 'maxLik' package as:
Henningsen, Arne and Toomet, Ott (2011). maxLik: A package for maximum likelihood estimation in R. Computational Statistics 26(3), 443-458. DOI 10.1007/s00180-010-0217-1.



Attaching package: ‘maxLik’

If you have questions, suggestions, or comments regarding the 'maxLik' package, please use a forum or 'tracker' at maxLik's R-Forge site:
Attaching package: ‘maxLik’


Attaching package: ‘maxLik’
https://r-forge.r-project.org/projects/maxlik/

Attaching package: ‘maxLik’

The following object is masked from ‘package:numDeriv’:


The following object is masked from ‘package:numDeriv’:

The following object is masked from ‘package:numDeriv’:
Attaching package: ‘maxLik’

The following object is masked from ‘package:numDeriv’:
    hessian


    hessian


    hessian

    hessian


The following object is masked from ‘package:numDeriv’:

    hessian


DEoptim package
Differential Evolution algorithm in R
Authors: D. Ardia, K. Mullen, B. Peterson and J. Ulrich

Loading required package: miscTools


Attaching package: ‘scales’

Attaching package: ‘scales’

Attaching package: ‘scales’



Attaching package: ‘scales’

The following object is masked from ‘package:purrr’:
The following object is masked from ‘package:purrr’:
The following object is masked from ‘package:purrr’:


The following object is masked from ‘package:purrr’:

    discard
    discard

    discard


    discard


The following object is masked from ‘package:readr’:

The following object is masked from ‘package:readr’:
The following object is masked from ‘package:readr’:

The following object is masked from ‘package:readr’:
Attaching package: ‘scales’


    col_factor


    col_factor
    col_factor

    col_factor



The following object is masked from ‘package:purrr’:

    discard

The following object is masked from ‘package:readr’:

    col_factor

Loading required package: Matrix
Loading required package: Matrix
Loading required package: Matrix
Loading required package: Matrix
Loading required package: Matrix

Please cite the 'maxLik' package as:
Henningsen, Arne and Toomet, Ott (2011). maxLik: A package for maximum likelihood estimation in R. Computational Statistics 26(3), 443-458. DOI 10.1007/s00180-010-0217-1.

If you have questions, suggestions, or comments regarding the 'maxLik' package, please use a forum or 'tracker' at maxLik's R-Forge site:
https://r-forge.r-project.org/projects/maxlik/

Attaching package: ‘maxLik’

The following object is masked from ‘package:numDeriv’:

    hessian


Attaching package: ‘Matrix’



Attaching package: ‘Matrix’

Attaching package: ‘Matrix’

Attaching package: ‘Matrix’


The following objects are masked from ‘package:tidyr’:

    expand, pack, unpack

The following objects are masked from ‘package:tidyr’:
The following objects are masked from ‘package:tidyr’:
The following objects are masked from ‘package:tidyr’:



    expand, pack, unpack
    expand, pack, unpack
    expand, pack, unpack




Attaching package: ‘Matrix’

The following objects are masked from ‘package:tidyr’:

    expand, pack, unpack

Loading required package: car
Loading required package: car
Loading required package: car
Loading required package: car
Loading required package: car

Attaching package: ‘scales’

The following object is masked from ‘package:purrr’:

    discard

Loading required package: carData
Loading required package: carData
The following object is masked from ‘package:readr’:

    col_factor

Loading required package: carData
Loading required package: carData
Loading required package: carData
Loading required package: Matrix

Attaching package: ‘Matrix’

The following objects are masked from ‘package:tidyr’:

    expand, pack, unpack

Loading required package: car

Attaching package: ‘car’


Attaching package: ‘car’

The following object is masked from ‘package:purrr’:

    some


Attaching package: ‘car’


Attaching package: ‘car’

The following object is masked from ‘package:purrr’:

    some

The following object is masked from ‘package:dplyr’:

    recode

The following object is masked from ‘package:purrr’:

    some

The following object is masked from ‘package:purrr’:

    some

The following object is masked from ‘package:dplyr’:

    recode

The following object is masked from ‘package:dplyr’:

    recode

The following object is masked from ‘package:dplyr’:

    recode
Loading required package: carData

Loading required package: lmtest

Loading required package: lmtest
Attaching package: ‘car’

Loading required package: lmtest
Loading required package: lmtest
The following object is masked from ‘package:purrr’:

    some

The following object is masked from ‘package:dplyr’:

    recode

Loading required package: lmtest
Loading required package: zoo
Loading required package: zoo
Loading required package: zoo
Loading required package: zoo
Loading required package: zoo

Attaching package: ‘car’


Attaching package: ‘zoo’


Attaching package: ‘zoo’


Attaching package: ‘zoo’

The following object is masked from ‘package:purrr’:

    some


Attaching package: ‘zoo’

The following objects are masked from ‘package:base’:

    as.Date, as.Date.numeric

The following objects are masked from ‘package:base’:

    as.Date, as.Date.numeric

The following object is masked from ‘package:dplyr’:

    recode

The following objects are masked from ‘package:base’:

    as.Date, as.Date.numeric

The following objects are masked from ‘package:base’:

    as.Date, as.Date.numeric

Loading required package: lmtest

Attaching package: ‘zoo’

The following objects are masked from ‘package:base’:

    as.Date, as.Date.numeric

Loading required package: zoo




Please cite the 'systemfit' package as:
Please cite the 'systemfit' package as:
Please cite the 'systemfit' package as:
Please cite the 'systemfit' package as:
Arne Henningsen and Jeff D. Hamann (2007). systemfit: A Package for Estimating Systems of Simultaneous Equations in R. Journal of Statistical Software 23(4), 1-40. http://www.jstatsoft.org/v23/i04/.
Arne Henningsen and Jeff D. Hamann (2007). systemfit: A Package for Estimating Systems of Simultaneous Equations in R. Journal of Statistical Software 23(4), 1-40. http://www.jstatsoft.org/v23/i04/.
Arne Henningsen and Jeff D. Hamann (2007). systemfit: A Package for Estimating Systems of Simultaneous Equations in R. Journal of Statistical Software 23(4), 1-40. http://www.jstatsoft.org/v23/i04/.
Arne Henningsen and Jeff D. Hamann (2007). systemfit: A Package for Estimating Systems of Simultaneous Equations in R. Journal of Statistical Software 23(4), 1-40. http://www.jstatsoft.org/v23/i04/.




If you have questions, suggestions, or comments regarding the 'systemfit' package, please use a forum or 'tracker' at systemfit's R-Forge site:
If you have questions, suggestions, or comments regarding the 'systemfit' package, please use a forum or 'tracker' at systemfit's R-Forge site:
If you have questions, suggestions, or comments regarding the 'systemfit' package, please use a forum or 'tracker' at systemfit's R-Forge site:
If you have questions, suggestions, or comments regarding the 'systemfit' package, please use a forum or 'tracker' at systemfit's R-Forge site:
https://r-forge.r-project.org/projects/systemfit/
https://r-forge.r-project.org/projects/systemfit/
https://r-forge.r-project.org/projects/systemfit/
https://r-forge.r-project.org/projects/systemfit/

Attaching package: ‘zoo’

The following objects are masked from ‘package:base’:

    as.Date, as.Date.numeric


Please cite the 'systemfit' package as:
Arne Henningsen and Jeff D. Hamann (2007). systemfit: A Package for Estimating Systems of Simultaneous Equations in R. Journal of Statistical Software 23(4), 1-40. http://www.jstatsoft.org/v23/i04/.

If you have questions, suggestions, or comments regarding the 'systemfit' package, please use a forum or 'tracker' at systemfit's R-Forge site:
https://r-forge.r-project.org/projects/systemfit/
Loading required package: sandwich
Loading required package: sandwich
Loading required package: sandwich
Loading required package: sandwich

Please cite the 'systemfit' package as:
Arne Henningsen and Jeff D. Hamann (2007). systemfit: A Package for Estimating Systems of Simultaneous Equations in R. Journal of Statistical Software 23(4), 1-40. http://www.jstatsoft.org/v23/i04/.

If you have questions, suggestions, or comments regarding the 'systemfit' package, please use a forum or 'tracker' at systemfit's R-Forge site:
https://r-forge.r-project.org/projects/systemfit/
Loading required package: sandwich
Loading required package: survival
Loading required package: survival
Loading required package: survival
Loading required package: survival
Loading required package: sandwich
Loading required package: survival
Loading required package: survival
Loading required package: dfidx
Loading required package: dfidx
Loading required package: dfidx
Loading required package: dfidx
Loading required package: dfidx
Loading required package: dfidx



Attaching package: ‘dfidx’
Attaching package: ‘dfidx’
Attaching package: ‘dfidx’




Attaching package: ‘dfidx’

The following object is masked from ‘package:stats’:
The following object is masked from ‘package:stats’:
The following object is masked from ‘package:stats’:



    filter
    filter
    filter



The following object is masked from ‘package:stats’:

    filter


Attaching package: ‘dfidx’


Attaching package: ‘dfidx’

The following object is masked from ‘package:stats’:

    filter

The following object is masked from ‘package:stats’:

    filter


Attaching package: ‘Hmisc’



Attaching package: ‘Hmisc’
Attaching package: ‘Hmisc’



Attaching package: ‘Hmisc’

The following objects are masked from ‘package:dplyr’:
The following objects are masked from ‘package:dplyr’:
The following objects are masked from ‘package:dplyr’:



The following objects are masked from ‘package:dplyr’:
    src, summarize
    src, summarize
    src, summarize




    src, summarize

The following objects are masked from ‘package:base’:
The following objects are masked from ‘package:base’:
The following objects are masked from ‘package:base’:

The following objects are masked from ‘package:base’:


    format.pval, units

    format.pval, units
    format.pval, units

    format.pval, units




Attaching package: ‘Hmisc’

The following objects are masked from ‘package:dplyr’:

    src, summarize

The following objects are masked from ‘package:base’:

    format.pval, units

Loading required package: proto
Loading required package: proto
Loading required package: proto
Loading required package: proto

Attaching package: ‘Hmisc’

Loading required package: proto
The following objects are masked from ‘package:dplyr’:

    src, summarize

The following objects are masked from ‘package:base’:

    format.pval, units

Loading required package: proto
Could not load tcltk.  Will use slower R code instead.
Could not load tcltk.  Will use slower R code instead.
Could not load tcltk.  Will use slower R code instead.
Could not load tcltk.  Will use slower R code instead.
Could not load tcltk.  Will use slower R code instead.
Could not load tcltk.  Will use slower R code instead.
------------------------------------------------------------------------------
You have loaded plyr after dplyr - this is likely to cause problems.
If you need functions from both plyr and dplyr, please load plyr first, then dplyr:
library(plyr); library(dplyr)
------------------------------------------------------------------------------
------------------------------------------------------------------------------
------------------------------------------------------------------------------
You have loaded plyr after dplyr - this is likely to cause problems.
------------------------------------------------------------------------------
If you need functions from both plyr and dplyr, please load plyr first, then dplyr:
library(plyr); library(dplyr)
------------------------------------------------------------------------------
You have loaded plyr after dplyr - this is likely to cause problems.
If you need functions from both plyr and dplyr, please load plyr first, then dplyr:
library(plyr); library(dplyr)
------------------------------------------------------------------------------
You have loaded plyr after dplyr - this is likely to cause problems.
If you need functions from both plyr and dplyr, please load plyr first, then dplyr:
library(plyr); library(dplyr)
You have loaded plyr after dplyr - this is likely to cause problems.
If you need functions from both plyr and dplyr, please load plyr first, then dplyr:
library(plyr); library(dplyr)
------------------------------------------------------------------------------
------------------------------------------------------------------------------
------------------------------------------------------------------------------

Attaching package: ‘plyr’

The following objects are masked from ‘package:Hmisc’:

    is.discrete, summarize

The following objects are masked from ‘package:dfidx’:

    arrange, mutate

The following object is masked from ‘package:purrr’:

    compact

The following objects are masked from ‘package:dplyr’:

    arrange, count, desc, failwith, id, mutate, rename, summarise,
    summarize


Attaching package: ‘plyr’


Attaching package: ‘plyr’


Attaching package: ‘plyr’

The following objects are masked from ‘package:Hmisc’:

    is.discrete, summarize


Attaching package: ‘plyr’

The following objects are masked from ‘package:Hmisc’:

    is.discrete, summarize

The following objects are masked from ‘package:Hmisc’:

    is.discrete, summarize

The following objects are masked from ‘package:dfidx’:

    arrange, mutate

The following objects are masked from ‘package:Hmisc’:

    is.discrete, summarize

The following objects are masked from ‘package:dfidx’:

    arrange, mutate
The following objects are masked from ‘package:dfidx’:


    arrange, mutate

The following object is masked from ‘package:purrr’:

    compact

The following objects are masked from ‘package:dfidx’:

    arrange, mutate

The following object is masked from ‘package:purrr’:
The following object is masked from ‘package:purrr’:


    compact
    compact


The following objects are masked from ‘package:dplyr’:

    arrange, count, desc, failwith, id, mutate, rename, summarise,
    summarize

The following object is masked from ‘package:purrr’:

    compact

The following objects are masked from ‘package:dplyr’:
The following objects are masked from ‘package:dplyr’:


    arrange, count, desc, failwith, id, mutate, rename, summarise,
    arrange, count, desc, failwith, id, mutate, rename, summarise,
    summarize
    summarize


The following objects are masked from ‘package:dplyr’:

    arrange, count, desc, failwith, id, mutate, rename, summarise,
    summarize

------------------------------------------------------------------------------
You have loaded plyr after dplyr - this is likely to cause problems.
If you need functions from both plyr and dplyr, please load plyr first, then dplyr:
library(plyr); library(dplyr)
------------------------------------------------------------------------------

Attaching package: ‘data.table’

The following objects are masked from ‘package:zoo’:

    yearmon, yearqtr

The following object is masked from ‘package:purrr’:

    transpose


Attaching package: ‘plyr’

The following objects are masked from ‘package:dplyr’:

    between, first, last

The following objects are masked from ‘package:Hmisc’:

    is.discrete, summarize

The following objects are masked from ‘package:dfidx’:

    arrange, mutate

The following object is masked from ‘package:purrr’:

    compact

The following objects are masked from ‘package:dplyr’:

    arrange, count, desc, failwith, id, mutate, rename, summarise,
    summarize


Attaching package: ‘data.table’


Attaching package: ‘data.table’


Attaching package: ‘data.table’

The following objects are masked from ‘package:zoo’:

    yearmon, yearqtr


Attaching package: ‘data.table’

The following objects are masked from ‘package:zoo’:

The following objects are masked from ‘package:zoo’:
    yearmon, yearqtr

The following object is masked from ‘package:purrr’:

    yearmon, yearqtr


    transpose

The following objects are masked from ‘package:zoo’:

    yearmon, yearqtr

The following object is masked from ‘package:purrr’:

The following object is masked from ‘package:purrr’:
    transpose
The following objects are masked from ‘package:dplyr’:



    transpose
    between, first, last


The following object is masked from ‘package:purrr’:

    transpose

The following objects are masked from ‘package:dplyr’:

    between, first, last

The following objects are masked from ‘package:dplyr’:

    between, first, last

The following objects are masked from ‘package:dplyr’:

    between, first, last


Attaching package: ‘magrittr’

The following object is masked from ‘package:purrr’:

    set_names

The following object is masked from ‘package:tidyr’:

    extract


Attaching package: ‘data.table’


Attaching package: ‘magrittr’


Attaching package: ‘magrittr’

The following objects are masked from ‘package:zoo’:

    yearmon, yearqtr


Attaching package: ‘magrittr’
The following object is masked from ‘package:purrr’:


    set_names


Attaching package: ‘magrittr’

The following object is masked from ‘package:purrr’:

    set_names

The following object is masked from ‘package:purrr’:

    transpose

The following object is masked from ‘package:tidyr’:

The following object is masked from ‘package:purrr’:
    extract


    set_names

The following object is masked from ‘package:purrr’:

    set_names

The following object is masked from ‘package:tidyr’:

    extract

The following objects are masked from ‘package:dplyr’:

    between, first, last

The following object is masked from ‘package:tidyr’:

    extract

The following object is masked from ‘package:tidyr’:

    extract


Attaching package: ‘magrittr’

The following object is masked from ‘package:purrr’:

    set_names

The following object is masked from ‘package:tidyr’:

    extract

Error in h(simpleError(msg, call)) : 
  error in evaluating the argument 'x' in selecting a method for function 'print': invalid argument to unary operator
Calls: guardar_log_modelo ... tryCatchOne -> <Anonymous> -> solve -> .handleSimpleError -> h
Execution halted
srun: error: sn047: task 0: Exited with exit code 1
srun: Terminating StepId=8528520.5
Error in invokeRestart("muffleWarning") : 
  no 'restart' 'muffleWarning' found
Calls: guardar_log_modelo ... tryCatchList -> tryCatchOne -> <Anonymous> -> invokeRestart
Execution halted
srun: error: sn047: task 0: Exited with exit code 1
srun: Terminating StepId=8528520.4
slurmstepd: error: Detected 1 oom_kill event in StepId=8528520.2. Some of the step tasks have been OOM Killed.
srun: error: sn047: task 0: Out Of Memory
srun: Terminating StepId=8528520.2
Error in invokeRestart("muffleWarning") : 
  no 'restart' 'muffleWarning' found
Calls: guardar_log_modelo ... tryCatchList -> tryCatchOne -> <Anonymous> -> invokeRestart
Execution halted
srun: error: sn047: task 0: Exited with exit code 1
srun: Terminating StepId=8528520.0
There were 50 or more warnings (use warnings() to see the first 50)
slurmstepd: error: Detected 1 oom_kill event in StepId=8528520.1. Some of the step tasks have been OOM Killed.
srun: error: sn047: task 0: Out Of Memory
srun: Terminating StepId=8528520.1
slurmstepd: error: Detected 1 oom_kill event in StepId=8528520.3. Some of the step tasks have been OOM Killed.
srun: error: sn047: task 0: Out Of Memory
srun: Terminating StepId=8528520.3
